
===== booking · run 2026-09-21T11:27:03.728Z =====
# F4-5/F4-6 · booking happy path — measured end-to-end, <90s contract
# slot selected: aria-label="18:00 — 12 tables"
# confirmation URL: http://localhost:3000/en/confirmation/cmub5uet8001kpxhdijv5mmzs
# heading visible: "The table is yours."
# whatsapp href (raw): https://wa.me/963955000111?text=Hello%20MIRADOR%20%E2%80%94%20confirming%20my%20reservation%3A%20Evidence%20Run%2C%202%20guests%2C%202026-09-22%20at%2018%3A00%20(ref%20v5mmzs).
# whatsapp href (decoded): https://wa.me/963955000111?text=Hello MIRADOR — confirming my reservation: Evidence Run, 2 guests, 2026-09-22 at 18:00 (ref v5mmzs).
# F4-6 encode check: name=true party=true ref=true waNumber=true
# BOOKING_DURATION_MS=1547 (1.5s) — contract <90s
# DB row (F4-5): {"id":"cmub5uet8001kpxhdijv5mmzs","name":"Evidence Run","phone":"+96399900901","partySize":2,"slot":"2026-09-22T15:00:00.000Z","status":"PENDING","locale":"EN","tableNumber":1}
# VERDICT: PASS — booked, persisted PENDING/EN, WhatsApp encodes name+party+ref, under 90s
# CLEANUP: deleted 1 reservations (phones +96399900*)

===== booking · run 2026-09-21T12:05:27.441Z =====
# F4-5/F4-6 · booking happy path — measured end-to-end, <90s contract
# slot selected: aria-label="18:00 — 12 tables"
# confirmation URL: http://localhost:3000/en/confirmation/cmub77t3y001mpxhd4sr1p2z5
# heading visible: "The table is yours."
# whatsapp href (raw): https://wa.me/963955000111?text=Hello%20MIRADOR%20%E2%80%94%20confirming%20my%20reservation%3A%20Evidence%20Run%2C%202%20guests%2C%202026-09-22%20at%2018%3A00%20(ref%20r1p2z5).
# whatsapp href (decoded): https://wa.me/963955000111?text=Hello MIRADOR — confirming my reservation: Evidence Run, 2 guests, 2026-09-22 at 18:00 (ref r1p2z5).
# F4-6 encode check: name=true party=true ref=true waNumber=true
# BOOKING_DURATION_MS=2518 (2.5s) — contract <90s
# DB row (F4-5): {"id":"cmub77t3y001mpxhd4sr1p2z5","name":"Evidence Run","phone":"+96399900901","partySize":2,"slot":"2026-09-22T15:00:00.000Z","status":"PENDING","locale":"EN","tableNumber":1}
# VERDICT: PASS — booked, persisted PENDING/EN, WhatsApp encodes name+party+ref, under 90s
# CLEANUP: deleted 1 reservations (phones +96399900*)
