
===== keyboard-reserve-errors--ar · run 2026-09-21T11:41:24.381Z =====
# F8-3 · empty submit → per-field ARABIC (RTL-correct) errors
html: lang=ar dir=rtl (before submit dir=rtl)
name error:  "يرجى إدخال اسم صحيح."
phone error: "يرجى إدخال رقم هاتف صحيح."
slot error:  "يرجى اختيار وقت متاح."
aria-invalid: name=true phone=true · aria-describedby(name)=reserve-name-error
# VERDICT: PASS — all three per-field errors bilingual-correct, dir=rtl (RTL-correct), aria-invalid set

===== keyboard-reserve-errors--ar · run 2026-09-22T17:42:02.634Z =====
# F8-3 · empty submit → per-field ARABIC (RTL-correct) errors
html: lang=ar dir=rtl (before submit dir=rtl)
name error:  "يرجى إدخال اسم صحيح."
phone error: "يرجى إدخال رقم هاتف صحيح."
slot error:  "يرجى اختيار وقت متاح."
aria-invalid: name=true phone=true · aria-describedby(name)=reserve-name-error
# VERDICT: PASS — all three per-field errors bilingual-correct, dir=rtl (RTL-correct), aria-invalid set

===== keyboard-reserve-errors--ar · run 2026-09-22T18:01:36.786Z =====
# F8-3 · empty submit → per-field ARABIC (RTL-correct) errors

===== keyboard-reserve-errors--ar · run 2026-09-22T18:02:26.135Z =====
# F8-3 · empty submit → per-field ARABIC (RTL-correct) errors
html: lang=ar dir=rtl (before submit dir=rtl)
name error:  "يرجى إدخال اسم صحيح."
phone error: "يرجى إدخال رقم هاتف صحيح."
slot error:  "يرجى اختيار وقت متاح."
aria-invalid: name=true phone=true · aria-describedby(name)=reserve-name-error
# VERDICT: PASS — all three per-field errors bilingual-correct, dir=rtl (RTL-correct), aria-invalid set

===== keyboard-reserve-errors--ar · run 2026-09-22T18:02:55.770Z =====
# F8-3 · empty submit → per-field ARABIC (RTL-correct) errors
html: lang=ar dir=rtl (before submit dir=rtl)
name error:  "يرجى إدخال اسم صحيح."
phone error: "يرجى إدخال رقم هاتف صحيح."
slot error:  "يرجى اختيار وقت متاح."
aria-invalid: name=true phone=true · aria-describedby(name)=reserve-name-error
# VERDICT: PASS — all three per-field errors bilingual-correct, dir=rtl (RTL-correct), aria-invalid set

===== keyboard-reserve-errors--ar · run 2026-09-22T18:46:25.982Z =====
# F8-3 · empty submit → per-field ARABIC (RTL-correct) errors
html: lang=ar dir=rtl (before submit dir=rtl)
name error:  "يرجى إدخال اسم صحيح."
phone error: "يرجى إدخال رقم هاتف صحيح."
slot error:  "يرجى اختيار وقت متاح."
aria-invalid: name=true phone=true · aria-describedby(name)=reserve-name-error
# VERDICT: PASS — all three per-field errors bilingual-correct, dir=rtl (RTL-correct), aria-invalid set
