
===== webgl-kill · run 2026-09-21T11:26:55.593Z =====
# F6-4 · ?webgl=off → 0 <canvas>, poster treatment
# canvases=0 journeyPosterImgs=0 heroPosterImgs=0 localStorage.mirador-webgl=null
# VERDICT: FAIL — canvases=0, journeyPosters=0
# CONTROL (no flag): canvases=1 (WebGL moment mounts on this machine when not killed)
# note: auto-path (fps<30 for 3s) emulation is parent-scope F6-4; manual + control paths recorded here per prompt-2 P3 definition

===== webgl-kill · run 2026-09-21T11:27:36.306Z =====
# F6-4 · ?webgl=off → 0 <canvas>, poster treatment
# canvases=0 journeyPosterImgs=3 heroPosterImgs=1 localStorage.mirador-webgl=null
# VERDICT: PASS — canvas unmounted, poster treatment present
# CONTROL (no flag): canvases=0 (WebGL moment mounts on this machine when not killed)
# note: auto-path (fps<30 for 3s) emulation is parent-scope F6-4; manual + control paths recorded here per prompt-2 P3 definition

===== webgl-kill · run 2026-09-21T11:28:29.954Z =====
# F6-4 · ?webgl=off → 0 <canvas>, poster treatment
# canvases=0 journeyPosterImgs=3 heroPosterImgs=1 localStorage.mirador-webgl=null
# VERDICT: PASS — canvas unmounted, poster treatment present
# CONTROL (no flag): webgl2=true canvases=1 — kill-switch contrast: flag=0 canvas, no-flag=1 canvas
# note: auto-path (fps<30 for 3s) emulation is parent-scope F6-4; manual + control paths recorded here per prompt-2 P3 definition

===== webgl-kill · run 2026-09-22T18:00:52.593Z =====
# F6-4 · ?webgl=off → 0 <canvas>, poster treatment
# canvases=0 journeyPosterImgs=3 heroPosterImgs=1 localStorage.mirador-webgl=null
# VERDICT: PASS — canvas unmounted, poster treatment present
# CONTROL (no flag): webgl2=true canvases=1 — kill-switch contrast: flag=0 canvas, no-flag=1 canvas
# note: auto-path (fps<30 for 3s) emulation is parent-scope F6-4; manual + control paths recorded here per prompt-2 P3 definition
