# interactive target probe — machine-generated 2026-09-23T03:43:37.065Z
# gate (F12-7): effective size ≥44×44 (WCAG floor 24×24 recorded for context)
# scope per contract: nav · filters · forms · lightbox (visible targets only)

## nav (home @375 + @1440) (@375, 11 visible targets)
  <a> "Skip to content" — 1×1px → UNDER 44 (below WCAG floor)
  <a> "MIRADOR" — 130×44px → ≥44
  <a> "العربية" — 63×44px → ≥44
  <button> "Open menu" — 44×44px → ≥44
  <a> "Reserve a table" — 185×44px → ≥44
  <a> "The menu" — 83×44px → ≥44
  <a> "Reserve a table" — 185×44px → ≥44
  <a> "The menu" — 83×44px → ≥44
  <a> "+963 11 341 7700" — 124×44px → ≥44
  <a> "Message us on WhatsApp" — 192×44px → ≥44
  <a> "reservations@miradordamascus" — 275×44px → ≥44

## nav desktop (header @1440, 9 targets)
  <a> "MIRADOR" — 130×44px → ≥44
  <a> "Home" — 69×44px → ≥44
  <a> "Menu" — 66×44px → ≥44
  <a> "Story" — 65×44px → ≥44
  <a> "Gallery" — 76×44px → ≥44
  <a> "Private Dining" — 130×44px → ≥44
  <a> "Contact" — 85×44px → ≥44
  <a> "العربية" — 63×44px → ≥44
  <a> "Reserve a table" — 169×44px → ≥44

## menu filters (@375) (@375, 45 visible targets)
  <a> "Skip to content" — 1×1px → UNDER 44 (below WCAG floor)
  <a> "MIRADOR" — 130×44px → ≥44
  <a> "العربية" — 63×44px → ≥44
  <button> "Open menu" — 44×44px → ≥44
  <a> "To Begin" — 89×44px → ≥44
  <a> "Bread & Butter" — 134×44px → ≥44
  <a> "From the Hearth" — 148×44px → ≥44
  <a> "Mains" — 68×44px → ≥44
  <a> "Sides" — 64×44px → ≥44
  <a> "To Finish" — 92×44px → ≥44
  <button> "Vegetarian" — 108×44px → ≥44
  <button> "Vegan" — 77×44px → ≥44
  <button> "Gluten-free" — 112×44px → ≥44
  <button> "Pescatarian" — 113×44px → ≥44
  <button> "Details" — 86×44px → ≥44
  <button> "Details" — 86×44px → ≥44
  <button> "Details" — 86×44px → ≥44
  <button> "Details" — 86×44px → ≥44
  <button> "Details" — 86×44px → ≥44
  <button> "Details" — 86×44px → ≥44
  <button> "Details" — 86×44px → ≥44
  <button> "Details" — 86×44px → ≥44
  <button> "Details" — 86×44px → ≥44
  <button> "Details" — 86×44px → ≥44
  <button> "Details" — 86×44px → ≥44
  <button> "Details" — 86×44px → ≥44
  <button> "Details" — 86×44px → ≥44
  <button> "Details" — 86×44px → ≥44
  <button> "Details" — 86×44px → ≥44
  <button> "Details" — 86×44px → ≥44
  <button> "Details" — 86×44px → ≥44
  <button> "Details" — 86×44px → ≥44
  <button> "Details" — 86×44px → ≥44
  <button> "Details" — 86×44px → ≥44
  <button> "Details" — 86×44px → ≥44
  <button> "Details" — 86×44px → ≥44
  <button> "Details" — 86×44px → ≥44
  <button> "Details" — 86×44px → ≥44
  <button> "Details" — 86×44px → ≥44
  <button> "Details" — 86×44px → ≥44
  <button> "Details" — 86×44px → ≥44
  <button> "Details" — 86×44px → ≥44
  <a> "+963 11 341 7700" — 124×44px → ≥44
  <a> "Message us on WhatsApp" — 192×44px → ≥44
  <a> "reservations@miradordamascus" — 275×44px → ≥44

## reserve form (@375) (@375, 7 visible targets)
  <a> "Skip to content" — 1×1px → UNDER 44 (below WCAG floor)
  <a> "MIRADOR" — 130×44px → ≥44
  <a> "العربية" — 63×44px → ≥44
  <button> "Open menu" — 44×44px → ≥44
  <a> "+963 11 341 7700" — 124×44px → ≥44
  <a> "Message us on WhatsApp" — 192×44px → ≥44
  <a> "reservations@miradordamascus" — 275×44px → ≥44

## gallery + lightbox (@375) (@375, 18 visible targets)
  <a> "Skip to content" — 1×1px → UNDER 44 (below WCAG floor)
  <a> "MIRADOR" — 130×44px → ≥44
  <a> "العربية" — 63×44px → ≥44
  <button> "Open menu" — 44×44px → ≥44
  <button> "The City, Switched On" — 328×185px → ≥44
  <button> "Long Exposure" — 328×185px → ≥44
  <button> "The Pass, 21:00" — 328×410px → ≥44
  <button> "Embers" — 328×410px → ≥44
  <button> "A Single Place Set" — 328×410px → ≥44
  <button> "First Pour" — 328×410px → ≥44
  <button> "Amber Glass" — 328×410px → ≥44
  <button> "The Final Flight" — 328×410px → ≥44
  <a> "+963 11 341 7700" — 124×44px → ≥44
  <a> "Message us on WhatsApp" — 192×44px → ≥44
  <a> "reservations@miradordamascus" — 275×44px → ≥44
  <button> "Close" — 44×44px → ≥44
  <button> "Previous image" — 44×44px → ≥44
  <button> "Next image" — 44×44px → ≥44

UNDER-44 total: 4
GATE F12-7: 4 targets under 44px (raw list above — effective-size/spacing evaluation recorded verbatim)
