--- audits (fonts · tokens · copy) ---
$ bun scripts/audit-fonts.ts
AR font weight payloads (budget ≤ 60KB per weight):
  amiri 400         55092 B  53.8 KB  PASS
  amiri 700         56016 B  54.7 KB  PASS
  plex-arabic 400   42592 B  41.6 KB  PASS
  plex-arabic 500   45844 B  44.8 KB  PASS
  plex-arabic 600   46116 B  45.0 KB  PASS
$ bun scripts/audit-tokens.ts
  PASS  --color-night: #0A0A0B  (§5.2 page base)
  PASS  --color-surface: #141417  (§5.2 raised surface)
  PASS  --color-line: #26262B  (§5.2 hairline)
  PASS  --color-ink: #F2EFE8  (§5.2 primary text)
  PASS  --color-muted: #A6A199  (§5.2 secondary text)
  PASS  --color-amber: #CBA35C  (§5.2 city amber)
  PASS  --color-copper: #B87333  (§5.2 copper)
  PASS  --color-error: #C96F5A  (§5.2 error)
  PASS  --color-success: #7FA974  (§5.2 success)
  PASS  --spacing: 0.25rem  (§5.4 4px base)
  PASS  --radius-sm: 2px  (§5.4 radius sm)
  PASS  --radius: 4px  (§5.4 radius)
  PASS  --radius-lg: 8px  (§5.4 radius lg)
  PASS  --font-display-en: "Fraunces", serif  (§5.3 font var)
  PASS  --font-display-ar: "Amiri", serif  (§5.3 font var)
  PASS  --font-body-en: "Instrument Sans", sans-serif  (§5.3 font var)
  PASS  --font-body-ar: "IBM Plex Sans Arabic", sans-serif  (§5.3 font var)
  PASS  --text-display-xl: clamp(3.5rem, 9vw, 10rem)  (§5.3 display XL)
  PASS  --text-h1: clamp(2.75rem, 6vw, 8.75rem)  (§5.3 H1)
  PASS  --text-h2: clamp(2rem, 4vw, 3.5rem)  (§5.3 H2)
  PASS  --text-h3: clamp(1.5rem, 2.5vw, 2rem)  (§5.3 H3)
  PASS  --text-body-lg: 1.125rem  (§5.3 body lg)
  PASS  --text-body: 1rem  (§5.3 body)
  PASS  --text-small: 0.875rem  (§5.3 small)
  PASS  --text-micro: 0.75rem  (§5.3 micro)
  PASS  --text-micro--letter-spacing: 0.08em  (§5.3 micro tracking (EN))
  PASS  --duration-fast: 100ms  (§5.4 duration)
  PASS  --duration-base: 200ms  (§5.4 duration)
  PASS  --duration-slow: 350ms  (§5.4 duration)
  PASS  --duration-signature: 600ms  (§5.4 duration)
  PASS  background: rgba(203, 163, 92, 0.28);  (§5.2 ::selection)
  PASS  --text-body--line-height: 1.7;  (§5.3 AR body lh ≥1.7)
  PASS  --text-small--line-height: 1.7;  (§5.3 AR small lh ≥1.7)
  PASS  --text-micro--letter-spacing: 0;  (§5.3 AR zero tracking)
  PASS  tailwind.config.* absent (F2-5)
$ bun scripts/audit-copy.ts
G1 banned wordlist: 0 hits PASS
G5 placeholder tokens: 0 hits PASS
F9-4 menu descriptions (28 dishes): EN over 0 · AR over 0 PASS
Locale key parity: 138 keys PASS
F9-5 docs/copy-parity.md: 138 rows PASS
F10-3 image register: 40/40 files covered PASS
