✅  .lighthouseci/ directory writable
✅  Configuration file found
✅  Chrome installation found
Healthcheck passed!

Running Lighthouse 3 time(s) on http://localhost:3000/en
Run #1...done.
Run #2...done.
Run #3...done.
Running Lighthouse 3 time(s) on http://localhost:3000/ar
Run #1...done.
Run #2...done.
Run #3...done.
Done running Lighthouse!

Checking assertions against 2 URL(s), 6 total run(s)

11 result(s) for [1mhttp://localhost:3000/en[0m :

  [31m✘[0m  [1merrors-in-console[0m failure for [1mminScore[0m assertion
       Browser errors were logged to the console
       https://developer.chrome.com/docs/lighthouse/best-practices/errors-in-console/

        expected: >=[32m0.9[0m
           found: [31m0[0m
      [2mall values: 0, 0, 0[0m


  [31m✘[0m  [1mimage-delivery-insight[0m failure for [1mminScore[0m assertion
       Improve image delivery
       https://developer.chrome.com/docs/lighthouse/performance/uses-optimized-images/

        expected: >=[32m0.9[0m
           found: [31m0.5[0m
      [2mall values: 0.5, 0.5, 0.5[0m


  [31m✘[0m  [1mlabel-content-name-mismatch[0m failure for [1mminScore[0m assertion
       Elements with visible text labels do not have matching accessible names.
       https://dequeuniversity.com/rules/axe/4.10/label-content-name-mismatch

        expected: >=[32m0.9[0m
           found: [31m0[0m
      [2mall values: 0, 0, 0[0m


  [31m✘[0m  [1mlegacy-javascript-insight[0m failure for [1mminScore[0m assertion
       Legacy JavaScript
       https://web.dev/articles/baseline-and-polyfills

        expected: >=[32m0.9[0m
           found: [31m0.5[0m
      [2mall values: 0.5, 0.5, 0.5[0m


  [31m✘[0m  [1mnetwork-dependency-tree-insight[0m failure for [1mminScore[0m assertion
       Network dependency tree
       https://developer.chrome.com/docs/lighthouse/performance/critical-request-chains

        expected: >=[32m0.9[0m
           found: [31m0[0m
      [2mall values: 0, 0, 0[0m


  [31m✘[0m  [1munused-javascript[0m failure for [1mmaxLength[0m assertion
       Reduce unused JavaScript
       https://developer.chrome.com/docs/lighthouse/performance/unused-javascript/

        expected: <=[32m0[0m
           found: [31m1[0m
      [2mall values: 1, 1, 1[0m


  ⚠️  [1mdom-size-insight[0m warning for [1mminScore[0m assertion
       Optimize DOM size
       https://developer.chrome.com/docs/lighthouse/performance/dom-size/

        expected: >=[32m0.9[0m
           found: [31m0[0m
      [2mall values: 0, 0, 0[0m


  ⚠️  [1mlegacy-javascript[0m warning for [1mmaxLength[0m assertion
       Avoid serving legacy JavaScript to modern browsers
       https://web.dev/baseline

        expected: <=[32m0[0m
           found: [31m1[0m
      [2mall values: 1, 1, 1[0m


  ⚠️  [1mmax-potential-fid[0m warning for [1mminScore[0m assertion
       Max Potential First Input Delay
       https://developer.chrome.com/docs/lighthouse/performance/lighthouse-max-potential-fid/

        expected: >=[32m0.9[0m
           found: [31m0.86[0m
      [2mall values: 0.86, 0.86, 0.84[0m


  ⚠️  [1mrender-blocking-insight[0m warning for [1mmaxLength[0m assertion
       Render blocking requests
       https://web.dev/learn/performance/understanding-the-critical-path#render-blocking_resources

        expected: <=[32m0[0m
           found: [31m1[0m
      [2mall values: 1, 1, 1[0m


  ⚠️  [1mrender-blocking-resources[0m warning for [1mmaxLength[0m assertion
       Eliminate render-blocking resources
       https://developer.chrome.com/docs/lighthouse/performance/render-blocking-resources/

        expected: <=[32m0[0m
           found: [31m1[0m
      [2mall values: 1, 1, 1[0m

12 result(s) for [1mhttp://localhost:3000/ar[0m :

  [31m✘[0m  [1merrors-in-console[0m failure for [1mminScore[0m assertion
       Browser errors were logged to the console
       https://developer.chrome.com/docs/lighthouse/best-practices/errors-in-console/

        expected: >=[32m0.9[0m
           found: [31m0[0m
      [2mall values: 0, 0, 0[0m


  [31m✘[0m  [1mimage-delivery-insight[0m failure for [1mminScore[0m assertion
       Improve image delivery
       https://developer.chrome.com/docs/lighthouse/performance/uses-optimized-images/

        expected: >=[32m0.9[0m
           found: [31m0.5[0m
      [2mall values: 0.5, 0.5, 0.5[0m


  [31m✘[0m  [1mlabel-content-name-mismatch[0m failure for [1mminScore[0m assertion
       Elements with visible text labels do not have matching accessible names.
       https://dequeuniversity.com/rules/axe/4.10/label-content-name-mismatch

        expected: >=[32m0.9[0m
           found: [31m0[0m
      [2mall values: 0, 0, 0[0m


  [31m✘[0m  [1mlegacy-javascript-insight[0m failure for [1mminScore[0m assertion
       Legacy JavaScript
       https://web.dev/articles/baseline-and-polyfills

        expected: >=[32m0.9[0m
           found: [31m0.5[0m
      [2mall values: 0.5, 0.5, 0.5[0m


  [31m✘[0m  [1mnetwork-dependency-tree-insight[0m failure for [1mminScore[0m assertion
       Network dependency tree
       https://developer.chrome.com/docs/lighthouse/performance/critical-request-chains

        expected: >=[32m0.9[0m
           found: [31m0[0m
      [2mall values: 0, 0, 0[0m


  [31m✘[0m  [1munused-javascript[0m failure for [1mmaxLength[0m assertion
       Reduce unused JavaScript
       https://developer.chrome.com/docs/lighthouse/performance/unused-javascript/

        expected: <=[32m0[0m
           found: [31m1[0m
      [2mall values: 1, 1, 1[0m


  ⚠️  [1mdom-size-insight[0m warning for [1mminScore[0m assertion
       Optimize DOM size
       https://developer.chrome.com/docs/lighthouse/performance/dom-size/

        expected: >=[32m0.9[0m
           found: [31m0[0m
      [2mall values: 0, 0, 0[0m


  ⚠️  [1minteractive[0m warning for [1mminScore[0m assertion
       Time to Interactive
       https://developer.chrome.com/docs/lighthouse/performance/interactive/

        expected: >=[32m0.9[0m
           found: [31m0.87[0m
      [2mall values: 0.87, 0.76, 0.77[0m


  ⚠️  [1mlegacy-javascript[0m warning for [1mmaxLength[0m assertion
       Avoid serving legacy JavaScript to modern browsers
       https://web.dev/baseline

        expected: <=[32m0[0m
           found: [31m1[0m
      [2mall values: 1, 1, 1[0m


  ⚠️  [1mmax-potential-fid[0m warning for [1mminScore[0m assertion
       Max Potential First Input Delay
       https://developer.chrome.com/docs/lighthouse/performance/lighthouse-max-potential-fid/

        expected: >=[32m0.9[0m
           found: [31m0.88[0m
      [2mall values: 0.88, 0.86, 0.86[0m


  ⚠️  [1mrender-blocking-insight[0m warning for [1mmaxLength[0m assertion
       Render blocking requests
       https://web.dev/learn/performance/understanding-the-critical-path#render-blocking_resources

        expected: <=[32m0[0m
           found: [31m1[0m
      [2mall values: 1, 1, 1[0m


  ⚠️  [1mrender-blocking-resources[0m warning for [1mmaxLength[0m assertion
       Eliminate render-blocking resources
       https://developer.chrome.com/docs/lighthouse/performance/render-blocking-resources/

        expected: <=[32m0[0m
           found: [31m1[0m
      [2mall values: 1, 1, 1[0m

Assertion failed. Exiting with status code 1.

assert command failed. Exiting with status code 1.
