Resolving dependencies
Resolved, downloaded and extracted [1038]
Saved lockfile
✅  .lighthouseci/ directory writable
✅  Configuration file found
✅  Chrome installation found
Healthcheck passed!

Running Lighthouse 3 time(s) on http://localhost:3000/en
Run #1...done.
Run #2...done.
Run #3...done.
Running Lighthouse 3 time(s) on http://localhost:3000/ar
Run #1...done.
Run #2...done.
Run #3...done.
Done running Lighthouse!

Checking assertions against 2 URL(s), 6 total run(s)

1 result(s) for [1mhttp://localhost:3000/en[0m :

  [31m✘[0m  [1mlargest-contentful-paint[0m failure for [1mmaxNumericValue[0m assertion
       Largest Contentful Paint
       https://developer.chrome.com/docs/lighthouse/performance/lighthouse-largest-contentful-paint/

        expected: <=[32m2500[0m
           found: [31m3290.6957500000003[0m
      [2mall values: 3300.581825, 3290.6957500000003, 3403.0780500000005[0m

2 result(s) for [1mhttp://localhost:3000/ar[0m :

  [31m✘[0m  [1mcategories[0m.performance failure for [1mminScore[0m assertion
        expected: >=[32m0.9[0m
           found: [31m0.87[0m
      [2mall values: 0.87, 0.87, 0.87[0m


  [31m✘[0m  [1mlargest-contentful-paint[0m failure for [1mmaxNumericValue[0m assertion
       Largest Contentful Paint
       https://developer.chrome.com/docs/lighthouse/performance/lighthouse-largest-contentful-paint/

        expected: <=[32m2500[0m
           found: [31m3823.7627999999995[0m
      [2mall values: 3823.7627999999995, 3835.5343999999996, 3844.7000000000007[0m

Assertion failed. Exiting with status code 1.

assert command failed. Exiting with status code 1.
